To honour the JVM settings for this build a single-use Daemon process will be forked. For more on this, please refer to https://docs.gradle.org/8.8/userguide/gradle_daemon.html#sec:disabling_the_daemon in the Gradle documentation.
Daemon will be stopped at the end of the build
Configuration on demand is an incubating feature.
> Task :core:data:preBuild UP-TO-DATE
> Task :core:database:preBuild UP-TO-DATE
> Task :app:preBuild UP-TO-DATE
> Task :core:database:preDebugBuild UP-TO-DATE
> Task :app:preDebugBuild UP-TO-DATE
> Task :core:common:preBuild UP-TO-DATE
> Task :core:common:preDebugBuild UP-TO-DATE
> Task :core:data:preDebugBuild UP-TO-DATE
> Task :app:mergeDebugNativeDebugMetadata NO-SOURCE
> Task :core:data:writeDebugAarMetadata UP-TO-DATE
> Task :core:common:writeDebugAarMetadata UP-TO-DATE
> Task :core:database:writeDebugAarMetadata UP-TO-DATE
> Task :core:extensions:preBuild UP-TO-DATE
> Task :core:extensions:preDebugBuild UP-TO-DATE
> Task :core:model:preBuild UP-TO-DATE
> Task :core:model:preDebugBuild UP-TO-DATE
> Task :core:domain:preBuild UP-TO-DATE
> Task :core:domain:preDebugBuild UP-TO-DATE
> Task :app:checkKotlinGradlePluginConfigurationErrors
> Task :core:network:preBuild UP-TO-DATE
> Task :core:network:preDebugBuild UP-TO-DATE
> Task :core:model:writeDebugAarMetadata UP-TO-DATE
> Task :core:ui:preBuild UP-TO-DATE
> Task :core:extensions:writeDebugAarMetadata UP-TO-DATE
> Task :core:domain:writeDebugAarMetadata UP-TO-DATE
> Task :feature:browse:preBuild UP-TO-DATE
> Task :core:ui:preDebugBuild UP-TO-DATE
> Task :feature:details:preBuild UP-TO-DATE
> Task :core:network:writeDebugAarMetadata UP-TO-DATE
> Task :feature:details:preDebugBuild UP-TO-DATE
> Task :feature:browse:preDebugBuild UP-TO-DATE
> Task :feature:home:preBuild UP-TO-DATE
> Task :feature:home:preDebugBuild UP-TO-DATE
> Task :feature:browse:writeDebugAarMetadata UP-TO-DATE
> Task :feature:details:writeDebugAarMetadata UP-TO-DATE
> Task :feature:player:preBuild UP-TO-DATE
> Task :feature:library:preBuild UP-TO-DATE
> Task :feature:library:preDebugBuild UP-TO-DATE
> Task :feature:home:writeDebugAarMetadata UP-TO-DATE
> Task :feature:player:preDebugBuild UP-TO-DATE
> Task :feature:reader:preBuild UP-TO-DATE
> Task :feature:reader:preDebugBuild UP-TO-DATE
> Task :core:ui:writeDebugAarMetadata UP-TO-DATE
> Task :feature:schedule:preBuild UP-TO-DATE
> Task :feature:schedule:preDebugBuild UP-TO-DATE
> Task :feature:library:writeDebugAarMetadata UP-TO-DATE
> Task :feature:settings:preBuild UP-TO-DATE
> Task :feature:settings:preDebugBuild UP-TO-DATE
> Task :feature:player:writeDebugAarMetadata UP-TO-DATE
> Task :feature:updates:preBuild UP-TO-DATE
> Task :feature:updates:preDebugBuild UP-TO-DATE
> Task :feature:settings:writeDebugAarMetadata UP-TO-DATE
> Task :feature:schedule:writeDebugAarMetadata UP-TO-DATE
> Task :feature:reader:writeDebugAarMetadata UP-TO-DATE
> Task :feature:updates:writeDebugAarMetadata UP-TO-DATE
> Task :app:generateDebugResValues UP-TO-DATE
> Task :core:common:generateDebugResValues UP-TO-DATE
> Task :core:data:generateDebugResValues UP-TO-DATE
> Task :core:database:generateDebugResValues UP-TO-DATE
> Task :core:common:generateDebugResources UP-TO-DATE
> Task :core:data:generateDebugResources UP-TO-DATE
> Task :core:database:generateDebugResources UP-TO-DATE
> Task :core:common:packageDebugResources UP-TO-DATE
> Task :core:database:packageDebugResources UP-TO-DATE
> Task :core:data:packageDebugResources UP-TO-DATE
> Task :core:domain:generateDebugResValues UP-TO-DATE
> Task :core:model:generateDebugResValues UP-TO-DATE
> Task :core:extensions:generateDebugResValues UP-TO-DATE
> Task :core:domain:generateDebugResources UP-TO-DATE
> Task :core:model:generateDebugResources UP-TO-DATE
> Task :core:extensions:generateDebugResources UP-TO-DATE
> Task :core:model:packageDebugResources UP-TO-DATE
> Task :core:domain:packageDebugResources UP-TO-DATE
> Task :core:network:generateDebugResValues UP-TO-DATE
> Task :core:ui:generateDebugResValues UP-TO-DATE
> Task :core:extensions:packageDebugResources UP-TO-DATE
> Task :feature:browse:generateDebugResValues UP-TO-DATE
> Task :core:ui:generateDebugResources UP-TO-DATE
> Task :core:network:generateDebugResources UP-TO-DATE
> Task :feature:browse:generateDebugResources UP-TO-DATE
> Task :core:ui:packageDebugResources UP-TO-DATE
> Task :feature:browse:packageDebugResources UP-TO-DATE
> Task :core:network:packageDebugResources UP-TO-DATE
> Task :feature:home:generateDebugResValues UP-TO-DATE
> Task :feature:details:generateDebugResValues UP-TO-DATE
> Task :feature:library:generateDebugResValues UP-TO-DATE
> Task :feature:library:generateDebugResources UP-TO-DATE
> Task :feature:home:generateDebugResources UP-TO-DATE
> Task :feature:details:generateDebugResources UP-TO-DATE
> Task :feature:details:packageDebugResources UP-TO-DATE
> Task :feature:library:packageDebugResources UP-TO-DATE
> Task :feature:home:packageDebugResources UP-TO-DATE
> Task :feature:player:generateDebugResValues UP-TO-DATE
> Task :feature:reader:generateDebugResValues UP-TO-DATE
> Task :feature:schedule:generateDebugResValues UP-TO-DATE
> Task :feature:schedule:generateDebugResources UP-TO-DATE
> Task :feature:reader:generateDebugResources UP-TO-DATE
> Task :feature:player:generateDebugResources UP-TO-DATE
> Task :feature:schedule:packageDebugResources UP-TO-DATE
> Task :feature:reader:packageDebugResources UP-TO-DATE
> Task :feature:player:packageDebugResources UP-TO-DATE
> Task :feature:updates:generateDebugResValues UP-TO-DATE
> Task :feature:settings:generateDebugResValues UP-TO-DATE
> Task :core:common:extractDeepLinksDebug UP-TO-DATE
> Task :feature:updates:generateDebugResources UP-TO-DATE
> Task :feature:settings:generateDebugResources UP-TO-DATE
> Task :core:common:processDebugManifest UP-TO-DATE
> Task :feature:updates:packageDebugResources UP-TO-DATE
> Task :core:data:extractDeepLinksDebug UP-TO-DATE
> Task :core:database:extractDeepLinksDebug UP-TO-DATE
> Task :feature:settings:packageDebugResources UP-TO-DATE
> Task :core:data:processDebugManifest UP-TO-DATE
> Task :core:domain:extractDeepLinksDebug UP-TO-DATE
> Task :core:extensions:extractDeepLinksDebug UP-TO-DATE
> Task :core:database:processDebugManifest UP-TO-DATE
> Task :core:model:extractDeepLinksDebug UP-TO-DATE
> Task :core:domain:processDebugManifest UP-TO-DATE
> Task :core:extensions:processDebugManifest UP-TO-DATE
> Task :core:network:extractDeepLinksDebug UP-TO-DATE
> Task :core:model:processDebugManifest UP-TO-DATE
> Task :core:ui:extractDeepLinksDebug UP-TO-DATE
> Task :core:network:processDebugManifest UP-TO-DATE
> Task :feature:browse:extractDeepLinksDebug UP-TO-DATE
> Task :feature:details:extractDeepLinksDebug UP-TO-DATE
> Task :core:ui:processDebugManifest UP-TO-DATE
> Task :feature:browse:processDebugManifest UP-TO-DATE
> Task :feature:home:extractDeepLinksDebug UP-TO-DATE
> Task :feature:details:processDebugManifest UP-TO-DATE
> Task :feature:library:extractDeepLinksDebug UP-TO-DATE
> Task :feature:player:extractDeepLinksDebug UP-TO-DATE
> Task :feature:home:processDebugManifest UP-TO-DATE
> Task :feature:library:processDebugManifest UP-TO-DATE
> Task :feature:reader:extractDeepLinksDebug UP-TO-DATE
> Task :feature:player:processDebugManifest UP-TO-DATE
> Task :feature:settings:extractDeepLinksDebug UP-TO-DATE
> Task :feature:schedule:extractDeepLinksDebug UP-TO-DATE
> Task :feature:reader:processDebugManifest UP-TO-DATE
> Task :feature:settings:processDebugManifest UP-TO-DATE
> Task :feature:schedule:processDebugManifest UP-TO-DATE
> Task :feature:updates:extractDeepLinksDebug UP-TO-DATE
> Task :core:common:compileDebugLibraryResources UP-TO-DATE
> Task :core:data:compileDebugLibraryResources UP-TO-DATE
> Task :feature:updates:processDebugManifest UP-TO-DATE
> Task :core:database:compileDebugLibraryResources UP-TO-DATE
> Task :core:database:parseDebugLocalResources UP-TO-DATE
> Task :core:common:parseDebugLocalResources UP-TO-DATE
> Task :core:data:parseDebugLocalResources UP-TO-DATE
> Task :core:database:generateDebugRFile UP-TO-DATE
> Task :core:data:generateDebugRFile UP-TO-DATE
> Task :core:common:generateDebugRFile UP-TO-DATE
> Task :core:domain:compileDebugLibraryResources UP-TO-DATE
> Task :core:model:compileDebugLibraryResources UP-TO-DATE
> Task :core:extensions:compileDebugLibraryResources UP-TO-DATE
> Task :core:domain:parseDebugLocalResources UP-TO-DATE
> Task :core:extensions:parseDebugLocalResources UP-TO-DATE
> Task :core:model:parseDebugLocalResources UP-TO-DATE
> Task :core:domain:generateDebugRFile UP-TO-DATE
> Task :core:extensions:generateDebugRFile UP-TO-DATE
> Task :core:model:generateDebugRFile UP-TO-DATE
> Task :core:network:compileDebugLibraryResources UP-TO-DATE
> Task :core:ui:compileDebugLibraryResources UP-TO-DATE
> Task :feature:browse:compileDebugLibraryResources UP-TO-DATE
> Task :core:network:parseDebugLocalResources UP-TO-DATE
> Task :core:ui:parseDebugLocalResources UP-TO-DATE
> Task :core:network:generateDebugRFile UP-TO-DATE
> Task :feature:browse:parseDebugLocalResources UP-TO-DATE
> Task :feature:details:compileDebugLibraryResources UP-TO-DATE
> Task :feature:browse:generateDebugRFile UP-TO-DATE
> Task :feature:home:compileDebugLibraryResources UP-TO-DATE
> Task :core:ui:generateDebugRFile UP-TO-DATE
> Task :feature:details:parseDebugLocalResources UP-TO-DATE
> Task :feature:library:compileDebugLibraryResources UP-TO-DATE
> Task :feature:home:parseDebugLocalResources UP-TO-DATE
> Task :feature:details:generateDebugRFile UP-TO-DATE
> Task :feature:library:parseDebugLocalResources UP-TO-DATE
> Task :feature:home:generateDebugRFile UP-TO-DATE
> Task :feature:player:compileDebugLibraryResources UP-TO-DATE
> Task :feature:library:generateDebugRFile UP-TO-DATE
> Task :feature:reader:compileDebugLibraryResources UP-TO-DATE
> Task :feature:schedule:compileDebugLibraryResources UP-TO-DATE
> Task :feature:player:parseDebugLocalResources UP-TO-DATE
> Task :feature:schedule:parseDebugLocalResources UP-TO-DATE
> Task :feature:reader:parseDebugLocalResources UP-TO-DATE
> Task :feature:player:generateDebugRFile UP-TO-DATE
> Task :feature:schedule:generateDebugRFile UP-TO-DATE
> Task :feature:updates:compileDebugLibraryResources UP-TO-DATE
> Task :feature:settings:compileDebugLibraryResources UP-TO-DATE
> Task :feature:reader:generateDebugRFile UP-TO-DATE
> Task :core:common:checkKotlinGradlePluginConfigurationErrors
> Task :feature:settings:parseDebugLocalResources UP-TO-DATE
> Task :feature:updates:parseDebugLocalResources UP-TO-DATE
> Task :feature:settings:generateDebugRFile UP-TO-DATE
> Task :core:data:checkKotlinGradlePluginConfigurationErrors
> Task :core:database:checkKotlinGradlePluginConfigurationErrors
> Task :core:model:checkKotlinGradlePluginConfigurationErrors
> Task :feature:updates:generateDebugRFile UP-TO-DATE
> Task :core:database:javaPreCompileDebug UP-TO-DATE
> Task :core:domain:checkKotlinGradlePluginConfigurationErrors
> Task :core:extensions:checkKotlinGradlePluginConfigurationErrors
> Task :core:network:checkKotlinGradlePluginConfigurationErrors
> Task :core:network:checkApolloVersions UP-TO-DATE
> Task :core:network:generateServiceApolloOptions UP-TO-DATE
> Task :core:network:generateServiceApolloSources UP-TO-DATE
> Task :core:network:javaPreCompileDebug UP-TO-DATE
> Task :core:extensions:javaPreCompileDebug UP-TO-DATE
> Task :core:domain:javaPreCompileDebug UP-TO-DATE
> Task :core:data:javaPreCompileDebug UP-TO-DATE
> Task :core:ui:checkKotlinGradlePluginConfigurationErrors
> Task :core:ui:javaPreCompileDebug UP-TO-DATE
> Task :feature:browse:checkKotlinGradlePluginConfigurationErrors
> Task :feature:browse:javaPreCompileDebug UP-TO-DATE
> Task :feature:details:checkKotlinGradlePluginConfigurationErrors
> Task :feature:details:javaPreCompileDebug UP-TO-DATE
> Task :feature:home:checkKotlinGradlePluginConfigurationErrors
> Task :feature:home:javaPreCompileDebug UP-TO-DATE
> Task :feature:library:checkKotlinGradlePluginConfigurationErrors
> Task :feature:library:javaPreCompileDebug UP-TO-DATE
> Task :feature:player:checkKotlinGradlePluginConfigurationErrors
> Task :feature:player:javaPreCompileDebug UP-TO-DATE
> Task :feature:reader:checkKotlinGradlePluginConfigurationErrors
> Task :feature:reader:javaPreCompileDebug UP-TO-DATE
> Task :feature:schedule:checkKotlinGradlePluginConfigurationErrors
> Task :app:checkDebugAarMetadata UP-TO-DATE
> Task :feature:schedule:javaPreCompileDebug UP-TO-DATE
> Task :feature:settings:checkKotlinGradlePluginConfigurationErrors
> Task :app:processDebugGoogleServices UP-TO-DATE
> Task :feature:settings:javaPreCompileDebug UP-TO-DATE
> Task :feature:updates:checkKotlinGradlePluginConfigurationErrors
> Task :feature:updates:javaPreCompileDebug UP-TO-DATE
> Task :core:data:mergeDebugShaders UP-TO-DATE
> Task :core:data:compileDebugShaders NO-SOURCE
> Task :core:data:generateDebugAssets UP-TO-DATE
> Task :core:data:packageDebugAssets UP-TO-DATE
> Task :core:database:mergeDebugShaders UP-TO-DATE
> Task :core:database:compileDebugShaders NO-SOURCE
> Task :core:database:generateDebugAssets UP-TO-DATE
> Task :core:database:packageDebugAssets UP-TO-DATE
> Task :core:domain:mergeDebugShaders UP-TO-DATE
> Task :core:domain:compileDebugShaders NO-SOURCE
> Task :core:domain:generateDebugAssets UP-TO-DATE
> Task :core:domain:packageDebugAssets UP-TO-DATE
> Task :core:extensions:mergeDebugShaders UP-TO-DATE
> Task :core:extensions:compileDebugShaders NO-SOURCE
> Task :core:extensions:generateDebugAssets UP-TO-DATE
> Task :core:extensions:packageDebugAssets UP-TO-DATE
> Task :core:network:mergeDebugShaders UP-TO-DATE
> Task :core:network:compileDebugShaders NO-SOURCE
> Task :core:network:generateDebugAssets UP-TO-DATE
> Task :core:network:packageDebugAssets UP-TO-DATE
> Task :core:ui:mergeDebugShaders UP-TO-DATE
> Task :core:ui:compileDebugShaders NO-SOURCE
> Task :core:ui:generateDebugAssets UP-TO-DATE
> Task :core:ui:packageDebugAssets UP-TO-DATE
> Task :feature:browse:mergeDebugShaders UP-TO-DATE
> Task :feature:browse:compileDebugShaders NO-SOURCE
> Task :feature:browse:generateDebugAssets UP-TO-DATE
> Task :feature:browse:packageDebugAssets UP-TO-DATE
> Task :feature:details:mergeDebugShaders UP-TO-DATE
> Task :feature:details:compileDebugShaders NO-SOURCE
> Task :feature:details:generateDebugAssets UP-TO-DATE
> Task :feature:details:packageDebugAssets UP-TO-DATE
> Task :feature:home:mergeDebugShaders UP-TO-DATE
> Task :feature:home:compileDebugShaders NO-SOURCE
> Task :feature:home:generateDebugAssets UP-TO-DATE
> Task :feature:home:packageDebugAssets UP-TO-DATE
> Task :feature:library:mergeDebugShaders UP-TO-DATE
> Task :feature:library:compileDebugShaders NO-SOURCE
> Task :feature:library:generateDebugAssets UP-TO-DATE
> Task :feature:library:packageDebugAssets UP-TO-DATE
> Task :feature:player:mergeDebugShaders UP-TO-DATE
> Task :feature:player:compileDebugShaders NO-SOURCE
> Task :feature:player:generateDebugAssets UP-TO-DATE
> Task :feature:player:packageDebugAssets UP-TO-DATE
> Task :feature:reader:mergeDebugShaders UP-TO-DATE
> Task :feature:reader:compileDebugShaders NO-SOURCE
> Task :feature:reader:generateDebugAssets UP-TO-DATE
> Task :feature:reader:packageDebugAssets UP-TO-DATE
> Task :feature:schedule:mergeDebugShaders UP-TO-DATE
> Task :feature:schedule:compileDebugShaders NO-SOURCE
> Task :feature:schedule:generateDebugAssets UP-TO-DATE
> Task :feature:schedule:packageDebugAssets UP-TO-DATE
> Task :feature:settings:mergeDebugShaders UP-TO-DATE
> Task :feature:settings:compileDebugShaders NO-SOURCE
> Task :feature:settings:generateDebugAssets UP-TO-DATE
> Task :feature:settings:packageDebugAssets UP-TO-DATE
> Task :feature:updates:mergeDebugShaders UP-TO-DATE
> Task :feature:updates:compileDebugShaders NO-SOURCE
> Task :feature:updates:generateDebugAssets UP-TO-DATE
> Task :feature:updates:packageDebugAssets UP-TO-DATE
> Task :app:mapDebugSourceSetPaths UP-TO-DATE
> Task :core:common:kspDebugKotlin UP-TO-DATE
> Task :core:data:mergeDebugJniLibFolders UP-TO-DATE
> Task :core:data:mergeDebugNativeLibs NO-SOURCE
> Task :app:generateDebugResources UP-TO-DATE
> Task :core:data:copyDebugJniLibsProjectOnly UP-TO-DATE
> Task :core:database:mergeDebugJniLibFolders UP-TO-DATE
> Task :core:database:mergeDebugNativeLibs NO-SOURCE
> Task :core:common:compileDebugKotlin UP-TO-DATE
> Task :core:database:copyDebugJniLibsProjectOnly UP-TO-DATE
> Task :core:domain:mergeDebugJniLibFolders UP-TO-DATE
> Task :core:common:javaPreCompileDebug UP-TO-DATE
> Task :core:domain:mergeDebugNativeLibs NO-SOURCE
> Task :core:domain:copyDebugJniLibsProjectOnly UP-TO-DATE
> Task :app:mergeDebugResources UP-TO-DATE
> Task :core:extensions:mergeDebugJniLibFolders UP-TO-DATE
> Task :core:extensions:mergeDebugNativeLibs NO-SOURCE
> Task :app:packageDebugResources UP-TO-DATE
> Task :core:extensions:copyDebugJniLibsProjectOnly UP-TO-DATE
> Task :app:parseDebugLocalResources UP-TO-DATE
> Task :core:network:mergeDebugJniLibFolders UP-TO-DATE
> Task :core:network:mergeDebugNativeLibs NO-SOURCE
> Task :app:createDebugCompatibleScreenManifests UP-TO-DATE
> Task :core:network:copyDebugJniLibsProjectOnly UP-TO-DATE
> Task :app:extractDeepLinksDebug UP-TO-DATE
> Task :core:ui:mergeDebugJniLibFolders UP-TO-DATE
> Task :core:ui:mergeDebugNativeLibs NO-SOURCE
> Task :core:common:compileDebugJavaWithJavac UP-TO-DATE
> Task :core:ui:copyDebugJniLibsProjectOnly UP-TO-DATE
> Task :feature:browse:mergeDebugJniLibFolders UP-TO-DATE
> Task :feature:browse:mergeDebugNativeLibs NO-SOURCE
> Task :feature:browse:copyDebugJniLibsProjectOnly UP-TO-DATE
> Task :feature:details:mergeDebugJniLibFolders UP-TO-DATE
> Task :feature:details:mergeDebugNativeLibs NO-SOURCE
> Task :feature:details:copyDebugJniLibsProjectOnly UP-TO-DATE
> Task :feature:home:mergeDebugJniLibFolders UP-TO-DATE
> Task :feature:home:mergeDebugNativeLibs NO-SOURCE
> Task :feature:home:copyDebugJniLibsProjectOnly UP-TO-DATE
> Task :feature:library:mergeDebugJniLibFolders UP-TO-DATE
> Task :feature:library:mergeDebugNativeLibs NO-SOURCE
> Task :feature:library:copyDebugJniLibsProjectOnly UP-TO-DATE
> Task :feature:player:mergeDebugJniLibFolders UP-TO-DATE
> Task :feature:player:mergeDebugNativeLibs NO-SOURCE
> Task :feature:player:copyDebugJniLibsProjectOnly UP-TO-DATE
> Task :feature:reader:mergeDebugJniLibFolders UP-TO-DATE
> Task :feature:reader:mergeDebugNativeLibs NO-SOURCE
> Task :feature:reader:copyDebugJniLibsProjectOnly UP-TO-DATE
> Task :feature:schedule:mergeDebugJniLibFolders UP-TO-DATE
> Task :feature:schedule:mergeDebugNativeLibs NO-SOURCE
> Task :feature:schedule:copyDebugJniLibsProjectOnly UP-TO-DATE
> Task :feature:settings:mergeDebugJniLibFolders UP-TO-DATE
> Task :feature:settings:mergeDebugNativeLibs NO-SOURCE
> Task :feature:settings:copyDebugJniLibsProjectOnly UP-TO-DATE
> Task :feature:updates:mergeDebugJniLibFolders UP-TO-DATE
> Task :feature:updates:mergeDebugNativeLibs NO-SOURCE
> Task :feature:updates:copyDebugJniLibsProjectOnly UP-TO-DATE
> Task :core:common:transformDebugClassesWithAsm UP-TO-DATE
> Task :core:common:bundleLibCompileToJarDebug UP-TO-DATE
> Task :core:common:bundleLibRuntimeToJarDebug UP-TO-DATE
> Task :core:common:mergeDebugShaders UP-TO-DATE
> Task :core:common:compileDebugShaders NO-SOURCE
> Task :core:common:generateDebugAssets UP-TO-DATE
> Task :core:common:packageDebugAssets UP-TO-DATE
> Task :core:common:processDebugJavaRes UP-TO-DATE
> Task :core:common:bundleLibRuntimeToDirDebug UP-TO-DATE
> Task :core:common:mergeDebugJniLibFolders UP-TO-DATE
> Task :core:common:mergeDebugNativeLibs NO-SOURCE
> Task :app:processDebugMainManifest UP-TO-DATE
> Task :core:common:copyDebugJniLibsProjectOnly UP-TO-DATE
> Task :app:processDebugManifest UP-TO-DATE
> Task :app:processDebugManifestForPackage UP-TO-DATE
> Task :core:model:javaPreCompileDebug UP-TO-DATE
> Task :core:model:mergeDebugShaders UP-TO-DATE
> Task :core:model:compileDebugShaders NO-SOURCE
> Task :core:model:generateDebugAssets UP-TO-DATE
> Task :core:model:packageDebugAssets UP-TO-DATE
> Task :core:model:mergeDebugJniLibFolders UP-TO-DATE
> Task :core:model:mergeDebugNativeLibs NO-SOURCE
> Task :core:model:copyDebugJniLibsProjectOnly UP-TO-DATE
> Task :app:processDebugResources UP-TO-DATE
> Task :app:javaPreCompileDebug UP-TO-DATE
> Task :app:mergeDebugShaders UP-TO-DATE
> Task :app:compileDebugShaders NO-SOURCE
> Task :app:generateDebugAssets UP-TO-DATE
> Task :app:mergeDebugAssets UP-TO-DATE
> Task :app:compressDebugAssets UP-TO-DATE
> Task :app:desugarDebugFileDependencies UP-TO-DATE
> Task :app:checkDebugDuplicateClasses UP-TO-DATE
> Task :app:mergeDebugStartupProfile UP-TO-DATE
> Task :app:mergeExtDexDebug UP-TO-DATE
> Task :app:mergeDebugJniLibFolders UP-TO-DATE
> Task :app:mergeDebugNativeLibs UP-TO-DATE
> Task :app:stripDebugDebugSymbols UP-TO-DATE
> Task :app:validateSigningDebug UP-TO-DATE
> Task :app:writeDebugAppMetadata UP-TO-DATE
> Task :app:writeDebugSigningConfigVersions UP-TO-DATE
> Task :core:model:compileDebugKotlin
> Task :core:model:compileDebugJavaWithJavac NO-SOURCE
> Task :core:model:processDebugJavaRes UP-TO-DATE
> Task :core:model:bundleLibRuntimeToDirDebug
> Task :core:model:bundleLibRuntimeToJarDebug
> Task :core:model:bundleLibCompileToJarDebug
> Task :core:ui:kspDebugKotlin
> Task :core:database:kspDebugKotlin
> Task :core:database:compileDebugKotlin
> Task :core:ui:compileDebugKotlin
> Task :core:ui:compileDebugJavaWithJavac NO-SOURCE
> Task :core:database:compileDebugJavaWithJavac UP-TO-DATE
> Task :core:network:kspDebugKotlin
> Task :core:ui:transformDebugClassesWithAsm
> Task :core:ui:bundleLibCompileToJarDebug UP-TO-DATE
> Task :core:ui:bundleLibRuntimeToJarDebug UP-TO-DATE
> Task :core:database:processDebugJavaRes UP-TO-DATE
> Task :core:ui:processDebugJavaRes UP-TO-DATE
> Task :core:ui:bundleLibRuntimeToDirDebug UP-TO-DATE
> Task :core:database:transformDebugClassesWithAsm
> Task :core:database:bundleLibCompileToJarDebug UP-TO-DATE
> Task :core:database:bundleLibRuntimeToJarDebug UP-TO-DATE
> Task :core:database:bundleLibRuntimeToDirDebug UP-TO-DATE
> Task :core:network:compileDebugKotlin
> Task :core:network:compileDebugJavaWithJavac UP-TO-DATE
> Task :core:network:processDebugJavaRes UP-TO-DATE
> Task :core:network:transformDebugClassesWithAsm
> Task :core:network:bundleLibCompileToJarDebug UP-TO-DATE
> Task :core:network:bundleLibRuntimeToJarDebug UP-TO-DATE
> Task :core:network:bundleLibRuntimeToDirDebug UP-TO-DATE
> Task :feature:schedule:kspDebugKotlin
> Task :feature:schedule:compileDebugKotlin
> Task :feature:schedule:compileDebugJavaWithJavac UP-TO-DATE
> Task :feature:schedule:processDebugJavaRes UP-TO-DATE
> Task :feature:schedule:transformDebugClassesWithAsm
> Task :feature:schedule:bundleLibCompileToJarDebug UP-TO-DATE
> Task :feature:schedule:bundleLibRuntimeToJarDebug UP-TO-DATE
> Task :feature:schedule:bundleLibRuntimeToDirDebug UP-TO-DATE
> Task :core:extensions:kspDebugKotlin
> Task :core:extensions:compileDebugKotlin
> Task :core:extensions:compileDebugJavaWithJavac UP-TO-DATE
> Task :core:extensions:processDebugJavaRes UP-TO-DATE
> Task :core:extensions:transformDebugClassesWithAsm
> Task :core:extensions:bundleLibCompileToJarDebug UP-TO-DATE
> Task :core:extensions:bundleLibRuntimeToJarDebug UP-TO-DATE
> Task :core:extensions:bundleLibRuntimeToDirDebug UP-TO-DATE
> Task :core:domain:kspDebugKotlin
> Task :core:domain:compileDebugKotlin
> Task :core:domain:compileDebugJavaWithJavac
> Task :core:domain:processDebugJavaRes UP-TO-DATE
> Task :core:domain:transformDebugClassesWithAsm
> Task :core:domain:bundleLibCompileToJarDebug UP-TO-DATE
> Task :core:domain:bundleLibRuntimeToJarDebug UP-TO-DATE
> Task :feature:home:kspDebugKotlin
> Task :feature:details:kspDebugKotlin
> Task :feature:browse:kspDebugKotlin
> Task :feature:home:compileDebugKotlin
> Task :feature:home:compileDebugJavaWithJavac
> Task :core:data:kspDebugKotlin
> Task :feature:home:transformDebugClassesWithAsm
> Task :feature:home:bundleLibCompileToJarDebug UP-TO-DATE
> Task :feature:library:kspDebugKotlin

> Task :feature:library:compileDebugKotlin
w: file:///app/feature/library/src/main/java/com/meigetsu/feature/library/LibraryScreen.kt:181:29 'LinearProgressIndicator(Float, Modifier = ..., Color = ..., Color = ..., StrokeCap = ...): Unit' is deprecated. Use the overload that takes `progress` as a lambda

> Task :feature:browse:compileDebugKotlin
> Task :core:data:compileDebugKotlin

> Task :feature:details:compileDebugKotlin
w: file:///app/feature/details/src/main/java/com/meigetsu/feature/details/CharacterDetailsScreen.kt:38:44 'ArrowBack: ImageVector' is deprecated. Use the AutoMirrored version at Icons.AutoMirrored.Rounded.ArrowBack
w: file:///app/feature/details/src/main/java/com/meigetsu/feature/details/MediaDetailsScreen.kt:81:48 'ArrowBack: ImageVector' is deprecated. Use the AutoMirrored version at Icons.AutoMirrored.Rounded.ArrowBack
w: file:///app/feature/details/src/main/java/com/meigetsu/feature/details/MediaDetailsScreen.kt:104:9 Parameter 'innerPadding' is never used, could be renamed to _
w: file:///app/feature/details/src/main/java/com/meigetsu/feature/details/MediaDetailsScreen.kt:173:90 'MenuBook: ImageVector' is deprecated. Use the AutoMirrored version at Icons.AutoMirrored.Rounded.MenuBook

> Task :feature:browse:compileDebugJavaWithJavac
> Task :feature:library:compileDebugJavaWithJavac
> Task :core:data:compileDebugJavaWithJavac
> Task :feature:library:transformDebugClassesWithAsm
> Task :feature:library:bundleLibCompileToJarDebug UP-TO-DATE
> Task :feature:browse:transformDebugClassesWithAsm
> Task :feature:browse:bundleLibCompileToJarDebug UP-TO-DATE
> Task :core:data:transformDebugClassesWithAsm
> Task :core:data:bundleLibCompileToJarDebug
> Task :feature:details:compileDebugJavaWithJavac
> Task :feature:details:transformDebugClassesWithAsm
> Task :feature:details:bundleLibCompileToJarDebug
> Task :feature:player:kspDebugKotlin
> Task :feature:reader:kspDebugKotlin
> Task :feature:settings:kspDebugKotlin
> Task :feature:player:compileDebugKotlin
> Task :feature:reader:compileDebugKotlin
> Task :feature:settings:compileDebugKotlin
> Task :feature:updates:kspDebugKotlin
> Task :feature:updates:compileDebugKotlin
> Task :feature:settings:compileDebugJavaWithJavac
> Task :feature:player:compileDebugJavaWithJavac
> Task :feature:reader:compileDebugJavaWithJavac
> Task :feature:player:transformDebugClassesWithAsm
> Task :feature:player:bundleLibCompileToJarDebug UP-TO-DATE
> Task :feature:reader:transformDebugClassesWithAsm
> Task :feature:reader:bundleLibCompileToJarDebug UP-TO-DATE
> Task :feature:home:bundleLibRuntimeToJarDebug UP-TO-DATE
> Task :feature:library:bundleLibRuntimeToJarDebug UP-TO-DATE
> Task :feature:browse:bundleLibRuntimeToJarDebug UP-TO-DATE
> Task :core:data:bundleLibRuntimeToJarDebug
> Task :feature:details:bundleLibRuntimeToJarDebug
> Task :feature:settings:transformDebugClassesWithAsm
> Task :feature:settings:bundleLibCompileToJarDebug UP-TO-DATE
> Task :feature:player:bundleLibRuntimeToJarDebug UP-TO-DATE
> Task :feature:reader:bundleLibRuntimeToJarDebug UP-TO-DATE
> Task :feature:settings:bundleLibRuntimeToJarDebug UP-TO-DATE
> Task :feature:updates:compileDebugJavaWithJavac
> Task :feature:updates:transformDebugClassesWithAsm
> Task :feature:updates:bundleLibCompileToJarDebug UP-TO-DATE
> Task :feature:updates:bundleLibRuntimeToJarDebug UP-TO-DATE
> Task :core:data:processDebugJavaRes UP-TO-DATE
> Task :feature:browse:processDebugJavaRes UP-TO-DATE
> Task :feature:details:processDebugJavaRes UP-TO-DATE
> Task :feature:home:processDebugJavaRes UP-TO-DATE
> Task :feature:library:processDebugJavaRes UP-TO-DATE
> Task :feature:player:processDebugJavaRes UP-TO-DATE
> Task :feature:reader:processDebugJavaRes UP-TO-DATE
> Task :feature:settings:processDebugJavaRes UP-TO-DATE
> Task :feature:updates:processDebugJavaRes UP-TO-DATE
> Task :core:data:bundleLibRuntimeToDirDebug
> Task :feature:home:bundleLibRuntimeToDirDebug UP-TO-DATE
> Task :feature:library:bundleLibRuntimeToDirDebug UP-TO-DATE
> Task :feature:updates:bundleLibRuntimeToDirDebug UP-TO-DATE
> Task :feature:browse:bundleLibRuntimeToDirDebug UP-TO-DATE
> Task :feature:details:bundleLibRuntimeToDirDebug
> Task :feature:player:bundleLibRuntimeToDirDebug UP-TO-DATE
> Task :feature:reader:bundleLibRuntimeToDirDebug UP-TO-DATE
> Task :feature:settings:bundleLibRuntimeToDirDebug UP-TO-DATE
> Task :core:domain:bundleLibRuntimeToDirDebug UP-TO-DATE
> Task :app:kspDebugKotlin
> Task :app:compileDebugKotlin
> Task :app:compileDebugJavaWithJavac UP-TO-DATE
> Task :app:hiltAggregateDepsDebug UP-TO-DATE
> Task :app:hiltJavaCompileDebug
> Task :app:processDebugJavaRes UP-TO-DATE
> Task :app:mergeDebugJavaResource UP-TO-DATE
> Task :app:transformDebugClassesWithAsm
> Task :app:dexBuilderDebug
> Task :app:mergeLibDexDebug
> Task :app:mergeDebugGlobalSynthetics UP-TO-DATE
> Task :app:mergeProjectDexDebug
> Task :app:packageDebug
> Task :app:createDebugApkListingFileRedirect UP-TO-DATE
> Task :app:assembleDebug

BUILD SUCCESSFUL in 1m 11s
433 actionable tasks: 91 executed, 342 up-to-date
